// Jest Snapshot v1, https://goo.gl/fbAQLP

exports[`Account should match the snapshot 1`] = `
<EmotionCssPropInternal
  __EMOTION_LABEL_PLEASE_DO_NOT_USE__="Account"
  __EMOTION_TYPE_PLEASE_DO_NOT_USE__="div"
  css={
    Object {
      "map": undefined,
      "name": "17fmsxx",
      "next": undefined,
      "styles": "
      display: flex;
      flex-direction: row;
      margin: 25px 25px 25px 25px;
    ",
    }
  }
>
  <EmotionCssPropInternal
    __EMOTION_LABEL_PLEASE_DO_NOT_USE__="Account"
    __EMOTION_TYPE_PLEASE_DO_NOT_USE__="div"
    css={
      Object {
        "map": undefined,
        "name": "19yx0jv",
        "next": undefined,
        "styles": "
        width: 300px;
        margin-right: 25px;
      ",
      }
    }
  >
    <EmotionCssPropInternal
      __EMOTION_LABEL_PLEASE_DO_NOT_USE__="Account"
      __EMOTION_TYPE_PLEASE_DO_NOT_USE__="div"
      css={
        Object {
          "map": undefined,
          "name": "qdp69e",
          "next": undefined,
          "styles": "
          border: 1px solid lightgrey;
          margin-bottom: 10px;
          padding: 0 10px 0 10px;
        ",
        }
      }
    >
      <h4>
        Jobcoin Balance
      </h4>
      <p />
    </EmotionCssPropInternal>
    <Send />
  </EmotionCssPropInternal>
  <History />
</EmotionCssPropInternal>
`;
