// Jest Snapshot v1, https://goo.gl/fbAQLP

exports[`Header should match the snapshot 1`] = `
<EmotionCssPropInternal
  __EMOTION_LABEL_PLEASE_DO_NOT_USE__="Header"
  __EMOTION_TYPE_PLEASE_DO_NOT_USE__="div"
  css={
    Object {
      "map": undefined,
      "name": "r9lhvs",
      "next": undefined,
      "styles": "
      display: flex;
      justify-content: space-between;
      height: 40px;
      line-height: 40px;
      border-bottom: 1px solid lightgrey;
    ",
    }
  }
>
  <EmotionCssPropInternal
    __EMOTION_LABEL_PLEASE_DO_NOT_USE__="Header"
    __EMOTION_TYPE_PLEASE_DO_NOT_USE__="div"
    css={
      Object {
        "map": undefined,
        "name": "cl7tym",
        "next": undefined,
        "styles": "margin-left: 10px;",
      }
    }
  >
    Alice
  </EmotionCssPropInternal>
  <div>
    Signed In
    <EmotionCssPropInternal
      __EMOTION_LABEL_PLEASE_DO_NOT_USE__="Header"
      __EMOTION_TYPE_PLEASE_DO_NOT_USE__="button"
      css={
        Object {
          "map": undefined,
          "name": "e1t3ji",
          "next": undefined,
          "styles": "margin: 0 10px 0 5px;",
        }
      }
      onClick={[Function]}
    >
      Sign Out
    </EmotionCssPropInternal>
  </div>
</EmotionCssPropInternal>
`;
