// Jest Snapshot v1, https://goo.gl/fbAQLP

exports[`Header should match the snapshot 1`] = `
<EmotionCssPropInternal
  __EMOTION_LABEL_PLEASE_DO_NOT_USE__="Header"
  __EMOTION_TYPE_PLEASE_DO_NOT_USE__="div"
  css={
    Object {
      "map": undefined,
      "name": "r9lhvs",
      "next": undefined,
      "styles": "
      display: flex;
      justify-content: space-between;
      height: 40px;
      line-height: 40px;
      border-bottom: 1px solid lightgrey;
    ",
    }
  }
>
  <div>
    <img
      alt="logo"
    />
    Alice
  </div>
  <div>
    Signed In
    <button
      onClick={[Function]}
    >
      Sign Out
    </button>
  </div>
</EmotionCssPropInternal>
`;
