// Jest Snapshot v1, https://goo.gl/fbAQLP

exports[`History should match the snapshot 1`] = `
<EmotionCssPropInternal
  __EMOTION_TYPE_PLEASE_DO_NOT_USE__="div"
  css={
    Object {
      "map": undefined,
      "name": "7ym0ve",
      "next": undefined,
      "styles": "
        width: 200px;
        height: 200px;
        background: lightblue;
      ",
    }
  }
/>
`;
