// Jest Snapshot v1, https://goo.gl/fbAQLP

exports[`History should match the snapshot 1`] = `
<EmotionCssPropInternal
  __EMOTION_LABEL_PLEASE_DO_NOT_USE__="History"
  __EMOTION_TYPE_PLEASE_DO_NOT_USE__="svg"
  css={
    Object {
      "map": undefined,
      "name": "r83fgv",
      "next": undefined,
      "styles": "
        height: 100vh;
        width: 100%;
        border: 1px solid lightgrey;
      ",
    }
  }
/>
`;
