// Jest Snapshot v1, https://goo.gl/fbAQLP

exports[`Send should match the snapshot 1`] = `
<Send>
  <EmotionCssPropInternal
    __EMOTION_LABEL_PLEASE_DO_NOT_USE__="Send"
    __EMOTION_TYPE_PLEASE_DO_NOT_USE__="div"
    css={
      Object {
        "map": undefined,
        "name": "ycsf5d",
        "next": undefined,
        "styles": "
        padding: 0 10px 0 10px;
        border: 1px solid lightgrey;
      ",
      }
    }
  >
    <div
      className="css-yezzpp-Send"
    >
      <p>
        Send Jobcoin
      </p>
      <form
        onSubmit={[Function]}
      >
        <label>
          <div>
            Destination Address
          </div>
          <input
            name="address"
            onChange={[Function]}
            type="text"
          />
        </label>
        <label>
          <div>
            Amount
          </div>
          <input
            name="amount"
            onChange={[Function]}
            type="text"
          />
        </label>
        <div>
          <input
            type="submit"
            value="Send"
          />
        </div>
      </form>
    </div>
  </EmotionCssPropInternal>
</Send>
`;
