// Jest Snapshot v1, https://goo.gl/fbAQLP

exports[`Send should match the snapshot 1`] = `
<Send>
  <EmotionCssPropInternal
    __EMOTION_LABEL_PLEASE_DO_NOT_USE__="Send"
    __EMOTION_TYPE_PLEASE_DO_NOT_USE__="div"
    css={
      Object {
        "map": undefined,
        "name": "13zrrui",
        "next": undefined,
        "styles": "
        padding: 0 10px 10px 10px;
        border: 1px solid lightgrey;
      ",
      }
    }
  >
    <div
      className="css-esbui3-Send"
    >
      <p>
        Send Jobcoin
      </p>
      <form
        onSubmit={[Function]}
      >
        <label>
          <div>
            Destination Address
          </div>
          <EmotionCssPropInternal
            __EMOTION_LABEL_PLEASE_DO_NOT_USE__="Send"
            __EMOTION_TYPE_PLEASE_DO_NOT_USE__="input"
            css={
              Object {
                "map": undefined,
                "name": "al15is",
                "next": undefined,
                "styles": "width: 100%;",
              }
            }
            name="address"
            onChange={[Function]}
            type="text"
          >
            <input
              className="css-1uzzbvg-Send"
              name="address"
              onChange={[Function]}
              type="text"
            />
          </EmotionCssPropInternal>
        </label>
        <label>
          <div>
            Amount
          </div>
          <input
            name="amount"
            onChange={[Function]}
            type="text"
          />
        </label>
        <div>
          <input
            type="submit"
            value="Send"
          />
        </div>
      </form>
    </div>
  </EmotionCssPropInternal>
</Send>
`;
